Archive member included to satisfy reference by file (symbol)

c:/st/stm32cubeide_1.5.1/stm32cubeide/plugins/com.st.stm32cube.ide.mcu.externaltools.gnu-tools-for-stm32.10.3-2021.10.win32_1.0.100.202210260954/tools/bin/../lib/gcc/arm-none-eabi/10.3.1/../../../../arm-none-eabi/lib/thumb/v7e-m+fp/hard\libc_nano.a(lib_a-errno.o)
                              ./Src/syscalls.o (__errno)
c:/st/stm32cubeide_1.5.1/stm32cubeide/plugins/com.st.stm32cube.ide.mcu.externaltools.gnu-tools-for-stm32.10.3-2021.10.win32_1.0.100.202210260954/tools/bin/../lib/gcc/arm-none-eabi/10.3.1/../../../../arm-none-eabi/lib/thumb/v7e-m+fp/hard\libc_nano.a(lib_a-exit.o)
                              c:/st/stm32cubeide_1.5.1/stm32cubeide/plugins/com.st.stm32cube.ide.mcu.externaltools.gnu-tools-for-stm32.10.3-2021.10.win32_1.0.100.202210260954/tools/bin/../lib/gcc/arm-none-eabi/10.3.1/../../../../arm-none-eabi/lib/thumb/v7e-m+fp/hard/crt0.o (exit)
c:/st/stm32cubeide_1.5.1/stm32cubeide/plugins/com.st.stm32cube.ide.mcu.externaltools.gnu-tools-for-stm32.10.3-2021.10.win32_1.0.100.202210260954/tools/bin/../lib/gcc/arm-none-eabi/10.3.1/../../../../arm-none-eabi/lib/thumb/v7e-m+fp/hard\libc_nano.a(lib_a-impure.o)
                              c:/st/stm32cubeide_1.5.1/stm32cubeide/plugins/com.st.stm32cube.ide.mcu.externaltools.gnu-tools-for-stm32.10.3-2021.10.win32_1.0.100.202210260954/tools/bin/../lib/gcc/arm-none-eabi/10.3.1/../../../../arm-none-eabi/lib/thumb/v7e-m+fp/hard\libc_nano.a(lib_a-exit.o) (_global_impure_ptr)
c:/st/stm32cubeide_1.5.1/stm32cubeide/plugins/com.st.stm32cube.ide.mcu.externaltools.gnu-tools-for-stm32.10.3-2021.10.win32_1.0.100.202210260954/tools/bin/../lib/gcc/arm-none-eabi/10.3.1/../../../../arm-none-eabi/lib/thumb/v7e-m+fp/hard\libc_nano.a(lib_a-init.o)
                              c:/st/stm32cubeide_1.5.1/stm32cubeide/plugins/com.st.stm32cube.ide.mcu.externaltools.gnu-tools-for-stm32.10.3-2021.10.win32_1.0.100.202210260954/tools/bin/../lib/gcc/arm-none-eabi/10.3.1/../../../../arm-none-eabi/lib/thumb/v7e-m+fp/hard/crt0.o (__libc_init_array)
c:/st/stm32cubeide_1.5.1/stm32cubeide/plugins/com.st.stm32cube.ide.mcu.externaltools.gnu-tools-for-stm32.10.3-2021.10.win32_1.0.100.202210260954/tools/bin/../lib/gcc/arm-none-eabi/10.3.1/../../../../arm-none-eabi/lib/thumb/v7e-m+fp/hard\libc_nano.a(lib_a-memset.o)
                              c:/st/stm32cubeide_1.5.1/stm32cubeide/plugins/com.st.stm32cube.ide.mcu.externaltools.gnu-tools-for-stm32.10.3-2021.10.win32_1.0.100.202210260954/tools/bin/../lib/gcc/arm-none-eabi/10.3.1/../../../../arm-none-eabi/lib/thumb/v7e-m+fp/hard/crt0.o (memset)

Discarded input sections

 .text          0x0000000000000000        0x0 c:/st/stm32cubeide_1.5.1/stm32cubeide/plugins/com.st.stm32cube.ide.mcu.externaltools.gnu-tools-for-stm32.10.3-2021.10.win32_1.0.100.202210260954/tools/bin/../lib/gcc/arm-none-eabi/10.3.1/thumb/v7e-m+fp/hard/crti.o
 .data          0x0000000000000000        0x0 c:/st/stm32cubeide_1.5.1/stm32cubeide/plugins/com.st.stm32cube.ide.mcu.externaltools.gnu-tools-for-stm32.10.3-2021.10.win32_1.0.100.202210260954/tools/bin/../lib/gcc/arm-none-eabi/10.3.1/thumb/v7e-m+fp/hard/crti.o
 .bss           0x0000000000000000        0x0 c:/st/stm32cubeide_1.5.1/stm32cubeide/plugins/com.st.stm32cube.ide.mcu.externaltools.gnu-tools-for-stm32.10.3-2021.10.win32_1.0.100.202210260954/tools/bin/../lib/gcc/arm-none-eabi/10.3.1/thumb/v7e-m+fp/hard/crti.o
 .data          0x0000000000000000        0x4 c:/st/stm32cubeide_1.5.1/stm32cubeide/plugins/com.st.stm32cube.ide.mcu.externaltools.gnu-tools-for-stm32.10.3-2021.10.win32_1.0.100.202210260954/tools/bin/../lib/gcc/arm-none-eabi/10.3.1/thumb/v7e-m+fp/hard/crtbegin.o
 .rodata        0x0000000000000000       0x24 c:/st/stm32cubeide_1.5.1/stm32cubeide/plugins/com.st.stm32cube.ide.mcu.externaltools.gnu-tools-for-stm32.10.3-2021.10.win32_1.0.100.202210260954/tools/bin/../lib/gcc/arm-none-eabi/10.3.1/thumb/v7e-m+fp/hard/crtbegin.o
 .text          0x0000000000000000       0x7c c:/st/stm32cubeide_1.5.1/stm32cubeide/plugins/com.st.stm32cube.ide.mcu.externaltools.gnu-tools-for-stm32.10.3-2021.10.win32_1.0.100.202210260954/tools/bin/../lib/gcc/arm-none-eabi/10.3.1/../../../../arm-none-eabi/lib/thumb/v7e-m+fp/hard/crt0.o
 .data          0x0000000000000000        0x0 c:/st/stm32cubeide_1.5.1/stm32cubeide/plugins/com.st.stm32cube.ide.mcu.externaltools.gnu-tools-for-stm32.10.3-2021.10.win32_1.0.100.202210260954/tools/bin/../lib/gcc/arm-none-eabi/10.3.1/../../../../arm-none-eabi/lib/thumb/v7e-m+fp/hard/crt0.o
 .bss           0x0000000000000000        0x0 c:/st/stm32cubeide_1.5.1/stm32cubeide/plugins/com.st.stm32cube.ide.mcu.externaltools.gnu-tools-for-stm32.10.3-2021.10.win32_1.0.100.202210260954/tools/bin/../lib/gcc/arm-none-eabi/10.3.1/../../../../arm-none-eabi/lib/thumb/v7e-m+fp/hard/crt0.o
 .ARM.extab     0x0000000000000000        0x0 c:/st/stm32cubeide_1.5.1/stm32cubeide/plugins/com.st.stm32cube.ide.mcu.externaltools.gnu-tools-for-stm32.10.3-2021.10.win32_1.0.100.202210260954/tools/bin/../lib/gcc/arm-none-eabi/10.3.1/../../../../arm-none-eabi/lib/thumb/v7e-m+fp/hard/crt0.o
 .ARM.exidx     0x0000000000000000       0x10 c:/st/stm32cubeide_1.5.1/stm32cubeide/plugins/com.st.stm32cube.ide.mcu.externaltools.gnu-tools-for-stm32.10.3-2021.10.win32_1.0.100.202210260954/tools/bin/../lib/gcc/arm-none-eabi/10.3.1/../../../../arm-none-eabi/lib/thumb/v7e-m+fp/hard/crt0.o
 .ARM.attributes
                0x0000000000000000       0x1c c:/st/stm32cubeide_1.5.1/stm32cubeide/plugins/com.st.stm32cube.ide.mcu.externaltools.gnu-tools-for-stm32.10.3-2021.10.win32_1.0.100.202210260954/tools/bin/../lib/gcc/arm-none-eabi/10.3.1/../../../../arm-none-eabi/lib/thumb/v7e-m+fp/hard/crt0.o
 .group         0x0000000000000000        0xc ./Device_Drivers/Src/stm32f407xx_gpio_drivers.o
 .group         0x0000000000000000        0xc ./Device_Drivers/Src/stm32f407xx_gpio_drivers.o
 .group         0x0000000000000000        0xc ./Device_Drivers/Src/stm32f407xx_gpio_drivers.o
 .group         0x0000000000000000        0xc ./Device_Drivers/Src/stm32f407xx_gpio_drivers.o
 .group         0x0000000000000000        0xc ./Device_Drivers/Src/stm32f407xx_gpio_drivers.o
 .group         0x0000000000000000        0xc ./Device_Drivers/Src/stm32f407xx_gpio_drivers.o
 .group         0x0000000000000000        0xc ./Device_Drivers/Src/stm32f407xx_gpio_drivers.o
 .group         0x0000000000000000        0xc ./Device_Drivers/Src/stm32f407xx_gpio_drivers.o
 .group         0x0000000000000000        0xc ./Device_Drivers/Src/stm32f407xx_gpio_drivers.o
 .group         0x0000000000000000        0xc ./Device_Drivers/Src/stm32f407xx_gpio_drivers.o
 .text          0x0000000000000000        0x0 ./Device_Drivers/Src/stm32f407xx_gpio_drivers.o
 .data          0x0000000000000000        0x0 ./Device_Drivers/Src/stm32f407xx_gpio_drivers.o
 .bss           0x0000000000000000        0x0 ./Device_Drivers/Src/stm32f407xx_gpio_drivers.o
 .text.GPIO_DeInit
                0x0000000000000000      0x16c ./Device_Drivers/Src/stm32f407xx_gpio_drivers.o
 .text.GPIO_ReadFromInputPin
                0x0000000000000000       0x2c ./Device_Drivers/Src/stm32f407xx_gpio_drivers.o
 .text.GPIO_ReadFromInputPort
                0x0000000000000000       0x1c ./Device_Drivers/Src/stm32f407xx_gpio_drivers.o
 .text.GPIO_WriteToOutputPort
                0x0000000000000000       0x1e ./Device_Drivers/Src/stm32f407xx_gpio_drivers.o
 .text.GPIO_ToggleOutputPin
                0x0000000000000000       0x2a ./Device_Drivers/Src/stm32f407xx_gpio_drivers.o
 .text.GPIO_IRQInterruptConfig
                0x0000000000000000      0x10c ./Device_Drivers/Src/stm32f407xx_gpio_drivers.o
 .text.GPIO_IRQPriorityConfig
                0x0000000000000000       0x54 ./Device_Drivers/Src/stm32f407xx_gpio_drivers.o
 .text.GPIO_IRQHandling
                0x0000000000000000       0x40 ./Device_Drivers/Src/stm32f407xx_gpio_drivers.o
 .group         0x0000000000000000        0xc ./LCD_Drivers/Src/lcd_drivers.o
 .group         0x0000000000000000        0xc ./LCD_Drivers/Src/lcd_drivers.o
 .group         0x0000000000000000        0xc ./LCD_Drivers/Src/lcd_drivers.o
 .group         0x0000000000000000        0xc ./LCD_Drivers/Src/lcd_drivers.o
 .group         0x0000000000000000        0xc ./LCD_Drivers/Src/lcd_drivers.o
 .group         0x0000000000000000        0xc ./LCD_Drivers/Src/lcd_drivers.o
 .group         0x0000000000000000        0xc ./LCD_Drivers/Src/lcd_drivers.o
 .group         0x0000000000000000        0xc ./LCD_Drivers/Src/lcd_drivers.o
 .group         0x0000000000000000        0xc ./LCD_Drivers/Src/lcd_drivers.o
 .group         0x0000000000000000        0xc ./LCD_Drivers/Src/lcd_drivers.o
 .group         0x0000000000000000        0xc ./LCD_Drivers/Src/lcd_drivers.o
 .text          0x0000000000000000        0x0 ./LCD_Drivers/Src/lcd_drivers.o
 .data          0x0000000000000000        0x0 ./LCD_Drivers/Src/lcd_drivers.o
 .bss           0x0000000000000000        0x0 ./LCD_Drivers/Src/lcd_drivers.o
 .text.LCD_ReturnHome
                0x0000000000000000       0x14 ./LCD_Drivers/Src/lcd_drivers.o
 .debug_macro   0x0000000000000000      0xa84 ./LCD_Drivers/Src/lcd_drivers.o
 .debug_macro   0x0000000000000000       0x22 ./LCD_Drivers/Src/lcd_drivers.o
 .debug_macro   0x0000000000000000       0x8e ./LCD_Drivers/Src/lcd_drivers.o
 .debug_macro   0x0000000000000000       0x51 ./LCD_Drivers/Src/lcd_drivers.o
 .debug_macro   0x0000000000000000      0x103 ./LCD_Drivers/Src/lcd_drivers.o
 .debug_macro   0x0000000000000000       0x6a ./LCD_Drivers/Src/lcd_drivers.o
 .debug_macro   0x0000000000000000      0x1df ./LCD_Drivers/Src/lcd_drivers.o
 .debug_macro   0x0000000000000000      0x174 ./LCD_Drivers/Src/lcd_drivers.o
 .debug_macro   0x0000000000000000      0x7cc ./LCD_Drivers/Src/lcd_drivers.o
 .group         0x0000000000000000        0xc ./Src/01_LCD_basic.o
 .group         0x0000000000000000        0xc ./Src/01_LCD_basic.o
 .group         0x0000000000000000        0xc ./Src/01_LCD_basic.o
 .group         0x0000000000000000        0xc ./Src/01_LCD_basic.o
 .group         0x0000000000000000        0xc ./Src/01_LCD_basic.o
 .group         0x0000000000000000        0xc ./Src/01_LCD_basic.o
 .group         0x0000000000000000        0xc ./Src/01_LCD_basic.o
 .group         0x0000000000000000        0xc ./Src/01_LCD_basic.o
 .group         0x0000000000000000        0xc ./Src/01_LCD_basic.o
 .group         0x0000000000000000        0xc ./Src/01_LCD_basic.o
 .group         0x0000000000000000        0xc ./Src/01_LCD_basic.o
 .group         0x0000000000000000        0xc ./Src/01_LCD_basic.o
 .group         0x0000000000000000        0xc ./Src/01_LCD_basic.o
 .group         0x0000000000000000        0xc ./Src/01_LCD_basic.o
 .group         0x0000000000000000        0xc ./Src/01_LCD_basic.o
 .group         0x0000000000000000        0xc ./Src/01_LCD_basic.o
 .group         0x0000000000000000        0xc ./Src/01_LCD_basic.o
 .group         0x0000000000000000        0xc ./Src/01_LCD_basic.o
 .group         0x0000000000000000        0xc ./Src/01_LCD_basic.o
 .group         0x0000000000000000        0xc ./Src/01_LCD_basic.o
 .group         0x0000000000000000        0xc ./Src/01_LCD_basic.o
 .group         0x0000000000000000        0xc ./Src/01_LCD_basic.o
 .group         0x0000000000000000        0xc ./Src/01_LCD_basic.o
 .group         0x0000000000000000        0xc ./Src/01_LCD_basic.o
 .group         0x0000000000000000        0xc ./Src/01_LCD_basic.o
 .group         0x0000000000000000        0xc ./Src/01_LCD_basic.o
 .group         0x0000000000000000        0xc ./Src/01_LCD_basic.o
 .group         0x0000000000000000        0xc ./Src/01_LCD_basic.o
 .group         0x0000000000000000        0xc ./Src/01_LCD_basic.o
 .group         0x0000000000000000        0xc ./Src/01_LCD_basic.o
 .group         0x0000000000000000        0xc ./Src/01_LCD_basic.o
 .group         0x0000000000000000        0xc ./Src/01_LCD_basic.o
 .group         0x0000000000000000        0xc ./Src/01_LCD_basic.o
 .group         0x0000000000000000        0xc ./Src/01_LCD_basic.o
 .group         0x0000000000000000        0xc ./Src/01_LCD_basic.o
 .group         0x0000000000000000        0xc ./Src/01_LCD_basic.o
 .group         0x0000000000000000        0xc ./Src/01_LCD_basic.o
 .group         0x0000000000000000        0xc ./Src/01_LCD_basic.o
 .text          0x0000000000000000        0x0 ./Src/01_LCD_basic.o
 .data          0x0000000000000000        0x0 ./Src/01_LCD_basic.o
 .bss           0x0000000000000000        0x0 ./Src/01_LCD_basic.o
 .debug_macro   0x0000000000000000      0xa84 ./Src/01_LCD_basic.o
 .debug_macro   0x0000000000000000       0x22 ./Src/01_LCD_basic.o
 .debug_macro   0x0000000000000000       0x8e ./Src/01_LCD_basic.o
 .debug_macro   0x0000000000000000       0x51 ./Src/01_LCD_basic.o
 .debug_macro   0x0000000000000000      0x103 ./Src/01_LCD_basic.o
 .debug_macro   0x0000000000000000       0x6a ./Src/01_LCD_basic.o
 .debug_macro   0x0000000000000000      0x1df ./Src/01_LCD_basic.o
 .debug_macro   0x0000000000000000      0x174 ./Src/01_LCD_basic.o
 .debug_macro   0x0000000000000000      0x7cc ./Src/01_LCD_basic.o
 .debug_macro   0x0000000000000000       0xca ./Src/01_LCD_basic.o
 .debug_macro   0x0000000000000000       0x52 ./Src/01_LCD_basic.o
 .group         0x0000000000000000        0xc ./Src/syscalls.o
 .group         0x0000000000000000        0xc ./Src/syscalls.o
 .group         0x0000000000000000        0xc ./Src/syscalls.o
 .group         0x0000000000000000        0xc ./Src/syscalls.o
 .group         0x0000000000000000        0xc ./Src/syscalls.o
 .group         0x0000000000000000        0xc ./Src/syscalls.o
 .group         0x0000000000000000        0xc ./Src/syscalls.o
 .group         0x0000000000000000        0xc ./Src/syscalls.o
 .group         0x0000000000000000        0xc ./Src/syscalls.o
 .group         0x0000000000000000        0xc ./Src/syscalls.o
 .group         0x0000000000000000        0xc ./Src/syscalls.o
 .group         0x0000000000000000        0xc ./Src/syscalls.o
 .group         0x0000000000000000        0xc ./Src/syscalls.o
 .group         0x0000000000000000        0xc ./Src/syscalls.o
 .group         0x0000000000000000        0xc ./Src/syscalls.o
 .group         0x0000000000000000        0xc ./Src/syscalls.o
 .group         0x0000000000000000        0xc ./Src/syscalls.o
 .group         0x0000000000000000        0xc ./Src/syscalls.o
 .group         0x0000000000000000        0xc ./Src/syscalls.o
 .group         0x0000000000000000        0xc ./Src/syscalls.o
 .group         0x0000000000000000        0xc ./Src/syscalls.o
 .group         0x0000000000000000        0xc ./Src/syscalls.o
 .group         0x0000000000000000        0xc ./Src/syscalls.o
 .group         0x0000000000000000        0xc ./Src/syscalls.o
 .group         0x0000000000000000        0xc ./Src/syscalls.o
 .group         0x0000000000000000        0xc ./Src/syscalls.o
 .group         0x0000000000000000        0xc ./Src/syscalls.o
 .group         0x0000000000000000        0xc ./Src/syscalls.o
 .group         0x0000000000000000        0xc ./Src/syscalls.o
 .group         0x0000000000000000        0xc ./Src/syscalls.o
 .group         0x0000000000000000        0xc ./Src/syscalls.o
 .group         0x0000000000000000        0xc ./Src/syscalls.o
 .group         0x0000000000000000        0xc ./Src/syscalls.o
 .group         0x0000000000000000        0xc ./Src/syscalls.o
 .group         0x0000000000000000        0xc ./Src/syscalls.o
 .group         0x0000000000000000        0xc ./Src/syscalls.o
 .group         0x0000000000000000        0xc ./Src/syscalls.o
 .group         0x0000000000000000        0xc ./Src/syscalls.o
 .group         0x0000000000000000        0xc ./Src/syscalls.o
 .group         0x0000000000000000        0xc ./Src/syscalls.o
 .group         0x0000000000000000        0xc ./Src/syscalls.o
 .group         0x0000000000000000        0xc ./Src/syscalls.o
 .group         0x0000000000000000        0xc ./Src/syscalls.o
 .group         0x0000000000000000        0xc ./Src/syscalls.o
 .group         0x0000000000000000        0xc ./Src/syscalls.o
 .group         0x0000000000000000        0xc ./Src/syscalls.o
 .group         0x0000000000000000        0xc ./Src/syscalls.o
 .text          0x0000000000000000        0x0 ./Src/syscalls.o
 .data          0x0000000000000000        0x0 ./Src/syscalls.o
 .bss           0x0000000000000000        0x0 ./Src/syscalls.o
 .bss.__env     0x0000000000000000        0x4 ./Src/syscalls.o
 .data.environ  0x0000000000000000        0x4 ./Src/syscalls.o
 .text.initialise_monitor_handles
                0x0000000000000000        0xe ./Src/syscalls.o
 .text._getpid  0x0000000000000000       0x10 ./Src/syscalls.o
 .text._kill    0x0000000000000000       0x20 ./Src/syscalls.o
 .text._exit    0x0000000000000000       0x14 ./Src/syscalls.o
 .text._read    0x0000000000000000       0x3a ./Src/syscalls.o
 .text._write   0x0000000000000000       0x38 ./Src/syscalls.o
 .text._close   0x0000000000000000       0x18 ./Src/syscalls.o
 .text._fstat   0x0000000000000000       0x20 ./Src/syscalls.o
 .text._isatty  0x0000000000000000       0x16 ./Src/syscalls.o
 .text._lseek   0x0000000000000000       0x1a ./Src/syscalls.o
 .text._open    0x0000000000000000       0x1c ./Src/syscalls.o
 .text._wait    0x0000000000000000       0x1e ./Src/syscalls.o
 .text._unlink  0x0000000000000000       0x1e ./Src/syscalls.o
 .text._times   0x0000000000000000       0x18 ./Src/syscalls.o
 .text._stat    0x0000000000000000       0x20 ./Src/syscalls.o
 .text._link    0x0000000000000000       0x20 ./Src/syscalls.o
 .text._fork    0x0000000000000000       0x16 ./Src/syscalls.o
 .text._execve  0x0000000000000000       0x22 ./Src/syscalls.o
 .debug_info    0x0000000000000000      0x6e0 ./Src/syscalls.o
 .debug_abbrev  0x0000000000000000      0x1b3 ./Src/syscalls.o
 .debug_aranges
                0x0000000000000000       0xa8 ./Src/syscalls.o
 .debug_ranges  0x0000000000000000       0x98 ./Src/syscalls.o
 .debug_macro   0x0000000000000000      0x24c ./Src/syscalls.o
 .debug_macro   0x0000000000000000      0xa84 ./Src/syscalls.o
 .debug_macro   0x0000000000000000       0x22 ./Src/syscalls.o
 .debug_macro   0x0000000000000000       0x4c ./Src/syscalls.o
 .debug_macro   0x0000000000000000       0x1e ./Src/syscalls.o
 .debug_macro   0x0000000000000000       0x94 ./Src/syscalls.o
 .debug_macro   0x0000000000000000       0x3c ./Src/syscalls.o
 .debug_macro   0x0000000000000000       0x34 ./Src/syscalls.o
 .debug_macro   0x0000000000000000       0x57 ./Src/syscalls.o
 .debug_macro   0x0000000000000000      0x174 ./Src/syscalls.o
 .debug_macro   0x0000000000000000      0x341 ./Src/syscalls.o
 .debug_macro   0x0000000000000000       0x16 ./Src/syscalls.o
 .debug_macro   0x0000000000000000       0x43 ./Src/syscalls.o
 .debug_macro   0x0000000000000000       0x34 ./Src/syscalls.o
 .debug_macro   0x0000000000000000       0x10 ./Src/syscalls.o
 .debug_macro   0x0000000000000000       0x58 ./Src/syscalls.o
 .debug_macro   0x0000000000000000       0x71 ./Src/syscalls.o
 .debug_macro   0x0000000000000000       0x1c ./Src/syscalls.o
 .debug_macro   0x0000000000000000      0x12a ./Src/syscalls.o
 .debug_macro   0x0000000000000000       0x10 ./Src/syscalls.o
 .debug_macro   0x0000000000000000       0x35 ./Src/syscalls.o
 .debug_macro   0x0000000000000000       0x10 ./Src/syscalls.o
 .debug_macro   0x0000000000000000       0x10 ./Src/syscalls.o
 .debug_macro   0x0000000000000000       0x10 ./Src/syscalls.o
 .debug_macro   0x0000000000000000       0x6a ./Src/syscalls.o
 .debug_macro   0x0000000000000000       0x1c ./Src/syscalls.o
 .debug_macro   0x0000000000000000       0x52 ./Src/syscalls.o
 .debug_macro   0x0000000000000000       0x22 ./Src/syscalls.o
 .debug_macro   0x0000000000000000       0x10 ./Src/syscalls.o
 .debug_macro   0x0000000000000000       0x52 ./Src/syscalls.o
 .debug_macro   0x0000000000000000       0xd5 ./Src/syscalls.o
 .debug_macro   0x0000000000000000       0x1c ./Src/syscalls.o
 .debug_macro   0x0000000000000000       0x3d ./Src/syscalls.o
 .debug_macro   0x0000000000000000       0x35 ./Src/syscalls.o
 .debug_macro   0x0000000000000000      0x12c ./Src/syscalls.o
 .debug_macro   0x0000000000000000       0x16 ./Src/syscalls.o
 .debug_macro   0x0000000000000000       0x16 ./Src/syscalls.o
 .debug_macro   0x0000000000000000       0x29 ./Src/syscalls.o
 .debug_macro   0x0000000000000000       0x10 ./Src/syscalls.o
 .debug_macro   0x0000000000000000      0x241 ./Src/syscalls.o
 .debug_macro   0x0000000000000000       0x1c ./Src/syscalls.o
 .debug_macro   0x0000000000000000       0x10 ./Src/syscalls.o
 .debug_macro   0x0000000000000000       0x10 ./Src/syscalls.o
 .debug_macro   0x0000000000000000       0x16 ./Src/syscalls.o
 .debug_macro   0x0000000000000000      0x145 ./Src/syscalls.o
 .debug_macro   0x0000000000000000      0x189 ./Src/syscalls.o
 .debug_macro   0x0000000000000000       0x16 ./Src/syscalls.o
 .debug_macro   0x0000000000000000       0xce ./Src/syscalls.o
 .debug_line    0x0000000000000000      0x7f4 ./Src/syscalls.o
 .debug_str     0x0000000000000000     0x8a91 ./Src/syscalls.o
 .comment       0x0000000000000000       0x51 ./Src/syscalls.o
 .debug_frame   0x0000000000000000      0x2ac ./Src/syscalls.o
 .ARM.attributes
                0x0000000000000000       0x34 ./Src/syscalls.o
 .group         0x0000000000000000        0xc ./Src/sysmem.o
 .group         0x0000000000000000        0xc ./Src/sysmem.o
 .group         0x0000000000000000        0xc ./Src/sysmem.o
 .group         0x0000000000000000        0xc ./Src/sysmem.o
 .group         0x0000000000000000        0xc ./Src/sysmem.o
 .group         0x0000000000000000        0xc ./Src/sysmem.o
 .group         0x0000000000000000        0xc ./Src/sysmem.o
 .group         0x0000000000000000        0xc ./Src/sysmem.o
 .group         0x0000000000000000        0xc ./Src/sysmem.o
 .group         0x0000000000000000        0xc ./Src/sysmem.o
 .group         0x0000000000000000        0xc ./Src/sysmem.o
 .group         0x0000000000000000        0xc ./Src/sysmem.o
 .group         0x0000000000000000        0xc ./Src/sysmem.o
 .group         0x0000000000000000        0xc ./Src/sysmem.o
 .group         0x0000000000000000        0xc ./Src/sysmem.o
 .group         0x0000000000000000        0xc ./Src/sysmem.o
 .group         0x0000000000000000        0xc ./Src/sysmem.o
 .group         0x0000000000000000        0xc ./Src/sysmem.o
 .group         0x0000000000000000        0xc ./Src/sysmem.o
 .group         0x0000000000000000        0xc ./Src/sysmem.o
 .group         0x0000000000000000        0xc ./Src/sysmem.o
 .group         0x0000000000000000        0xc ./Src/sysmem.o
 .text          0x0000000000000000        0x0 ./Src/sysmem.o
 .data          0x0000000000000000        0x0 ./Src/sysmem.o
 .bss           0x0000000000000000        0x0 ./Src/sysmem.o
 .bss.__sbrk_heap_end
                0x0000000000000000        0x4 ./Src/sysmem.o
 .text._sbrk    0x0000000000000000       0x6c ./Src/sysmem.o
 .debug_info    0x0000000000000000      0x171 ./Src/sysmem.o
 .debug_abbrev  0x0000000000000000       0xbb ./Src/sysmem.o
 .debug_aranges
                0x0000000000000000       0x20 ./Src/sysmem.o
 .debug_ranges  0x0000000000000000       0x10 ./Src/sysmem.o
 .debug_macro   0x0000000000000000       0xff ./Src/sysmem.o
 .debug_macro   0x0000000000000000      0xa84 ./Src/sysmem.o
 .debug_macro   0x0000000000000000       0x10 ./Src/sysmem.o
 .debug_macro   0x0000000000000000       0x22 ./Src/sysmem.o
 .debug_macro   0x0000000000000000       0x4c ./Src/sysmem.o
 .debug_macro   0x0000000000000000       0x1e ./Src/sysmem.o
 .debug_macro   0x0000000000000000       0x94 ./Src/sysmem.o
 .debug_macro   0x0000000000000000       0x3c ./Src/sysmem.o
 .debug_macro   0x0000000000000000       0x34 ./Src/sysmem.o
 .debug_macro   0x0000000000000000      0x174 ./Src/sysmem.o
 .debug_macro   0x0000000000000000       0x16 ./Src/sysmem.o
 .debug_macro   0x0000000000000000       0x43 ./Src/sysmem.o
 .debug_macro   0x0000000000000000       0x57 ./Src/sysmem.o
 .debug_macro   0x0000000000000000       0x34 ./Src/sysmem.o
 .debug_macro   0x0000000000000000       0x10 ./Src/sysmem.o
 .debug_macro   0x0000000000000000       0x58 ./Src/sysmem.o
 .debug_macro   0x0000000000000000       0x71 ./Src/sysmem.o
 .debug_macro   0x0000000000000000       0x1c ./Src/sysmem.o
 .debug_macro   0x0000000000000000      0x12a ./Src/sysmem.o
 .debug_macro   0x0000000000000000      0x23b ./Src/sysmem.o
 .debug_macro   0x0000000000000000      0x103 ./Src/sysmem.o
 .debug_macro   0x0000000000000000       0x6a ./Src/sysmem.o
 .debug_macro   0x0000000000000000      0x1df ./Src/sysmem.o
 .debug_line    0x0000000000000000      0x4ea ./Src/sysmem.o
 .debug_str     0x0000000000000000     0x5dcd ./Src/sysmem.o
 .comment       0x0000000000000000       0x51 ./Src/sysmem.o
 .debug_frame   0x0000000000000000       0x34 ./Src/sysmem.o
 .ARM.attributes
                0x0000000000000000       0x34 ./Src/sysmem.o
 .text          0x0000000000000000       0x14 ./Startup/startup_stm32f407vgtx.o
 .data          0x0000000000000000        0x0 ./Startup/startup_stm32f407vgtx.o
 .bss           0x0000000000000000        0x0 ./Startup/startup_stm32f407vgtx.o
 .text          0x0000000000000000        0x0 c:/st/stm32cubeide_1.5.1/stm32cubeide/plugins/com.st.stm32cube.ide.mcu.externaltools.gnu-tools-for-stm32.10.3-2021.10.win32_1.0.100.202210260954/tools/bin/../lib/gcc/arm-none-eabi/10.3.1/../../../../arm-none-eabi/lib/thumb/v7e-m+fp/hard\libc_nano.a(lib_a-errno.o)
 .data          0x0000000000000000        0x0 c:/st/stm32cubeide_1.5.1/stm32cubeide/plugins/com.st.stm32cube.ide.mcu.externaltools.gnu-tools-for-stm32.10.3-2021.10.win32_1.0.100.202210260954/tools/bin/../lib/gcc/arm-none-eabi/10.3.1/../../../../arm-none-eabi/lib/thumb/v7e-m+fp/hard\libc_nano.a(lib_a-errno.o)
 .bss           0x0000000000000000        0x0 c:/st/stm32cubeide_1.5.1/stm32cubeide/plugins/com.st.stm32cube.ide.mcu.externaltools.gnu-tools-for-stm32.10.3-2021.10.win32_1.0.100.202210260954/tools/bin/../lib/gcc/arm-none-eabi/10.3.1/../../../../arm-none-eabi/lib/thumb/v7e-m+fp/hard\libc_nano.a(lib_a-errno.o)
 .text.__errno  0x0000000000000000        0xc c:/st/stm32cubeide_1.5.1/stm32cubeide/plugins/com.st.stm32cube.ide.mcu.externaltools.gnu-tools-for-stm32.10.3-2021.10.win32_1.0.100.202210260954/tools/bin/../lib/gcc/arm-none-eabi/10.3.1/../../../../arm-none-eabi/lib/thumb/v7e-m+fp/hard\libc_nano.a(lib_a-errno.o)
 .debug_frame   0x0000000000000000       0x20 c:/st/stm32cubeide_1.5.1/stm32cubeide/plugins/com.st.stm32cube.ide.mcu.externaltools.gnu-tools-for-stm32.10.3-2021.10.win32_1.0.100.202210260954/tools/bin/../lib/gcc/arm-none-eabi/10.3.1/../../../../arm-none-eabi/lib/thumb/v7e-m+fp/hard\libc_nano.a(lib_a-errno.o)
 .ARM.attributes
                0x0000000000000000       0x34 c:/st/stm32cubeide_1.5.1/stm32cubeide/plugins/com.st.stm32cube.ide.mcu.externaltools.gnu-tools-for-stm32.10.3-2021.10.win32_1.0.100.202210260954/tools/bin/../lib/gcc/arm-none-eabi/10.3.1/../../../../arm-none-eabi/lib/thumb/v7e-m+fp/hard\libc_nano.a(lib_a-errno.o)
 .text          0x0000000000000000        0x0 c:/st/stm32cubeide_1.5.1/stm32cubeide/plugins/com.st.stm32cube.ide.mcu.externaltools.gnu-tools-for-stm32.10.3-2021.10.win32_1.0.100.202210260954/tools/bin/../lib/gcc/arm-none-eabi/10.3.1/../../../../arm-none-eabi/lib/thumb/v7e-m+fp/hard\libc_nano.a(lib_a-exit.o)
 .data          0x0000000000000000        0x0 c:/st/stm32cubeide_1.5.1/stm32cubeide/plugins/com.st.stm32cube.ide.mcu.externaltools.gnu-tools-for-stm32.10.3-2021.10.win32_1.0.100.202210260954/tools/bin/../lib/gcc/arm-none-eabi/10.3.1/../../../../arm-none-eabi/lib/thumb/v7e-m+fp/hard\libc_nano.a(lib_a-exit.o)
 .bss           0x0000000000000000        0x0 c:/st/stm32cubeide_1.5.1/stm32cubeide/plugins/com.st.stm32cube.ide.mcu.externaltools.gnu-tools-for-stm32.10.3-2021.10.win32_1.0.100.202210260954/tools/bin/../lib/gcc/arm-none-eabi/10.3.1/../../../../arm-none-eabi/lib/thumb/v7e-m+fp/hard\libc_nano.a(lib_a-exit.o)
 .text.exit     0x0000000000000000       0x28 c:/st/stm32cubeide_1.5.1/stm32cubeide/plugins/com.st.stm32cube.ide.mcu.externaltools.gnu-tools-for-stm32.10.3-2021.10.win32_1.0.100.202210260954/tools/bin/../lib/gcc/arm-none-eabi/10.3.1/../../../../arm-none-eabi/lib/thumb/v7e-m+fp/hard\libc_nano.a(lib_a-exit.o)
 .debug_frame   0x0000000000000000       0x28 c:/st/stm32cubeide_1.5.1/stm32cubeide/plugins/com.st.stm32cube.ide.mcu.externaltools.gnu-tools-for-stm32.10.3-2021.10.win32_1.0.100.202210260954/tools/bin/../lib/gcc/arm-none-eabi/10.3.1/../../../../arm-none-eabi/lib/thumb/v7e-m+fp/hard\libc_nano.a(lib_a-exit.o)
 .ARM.attributes
                0x0000000000000000       0x34 c:/st/stm32cubeide_1.5.1/stm32cubeide/plugins/com.st.stm32cube.ide.mcu.externaltools.gnu-tools-for-stm32.10.3-2021.10.win32_1.0.100.202210260954/tools/bin/../lib/gcc/arm-none-eabi/10.3.1/../../../../arm-none-eabi/lib/thumb/v7e-m+fp/hard\libc_nano.a(lib_a-exit.o)
 .text          0x0000000000000000        0x0 c:/st/stm32cubeide_1.5.1/stm32cubeide/plugins/com.st.stm32cube.ide.mcu.externaltools.gnu-tools-for-stm32.10.3-2021.10.win32_1.0.100.202210260954/tools/bin/../lib/gcc/arm-none-eabi/10.3.1/../../../../arm-none-eabi/lib/thumb/v7e-m+fp/hard\libc_nano.a(lib_a-impure.o)
 .data          0x0000000000000000        0x0 c:/st/stm32cubeide_1.5.1/stm32cubeide/plugins/com.st.stm32cube.ide.mcu.externaltools.gnu-tools-for-stm32.10.3-2021.10.win32_1.0.100.202210260954/tools/bin/../lib/gcc/arm-none-eabi/10.3.1/../../../../arm-none-eabi/lib/thumb/v7e-m+fp/hard\libc_nano.a(lib_a-impure.o)
 .bss           0x0000000000000000        0x0 c:/st/stm32cubeide_1.5.1/stm32cubeide/plugins/com.st.stm32cube.ide.mcu.externaltools.gnu-tools-for-stm32.10.3-2021.10.win32_1.0.100.202210260954/tools/bin/../lib/gcc/arm-none-eabi/10.3.1/../../../../arm-none-eabi/lib/thumb/v7e-m+fp/hard\libc_nano.a(lib_a-impure.o)
 .data._impure_ptr
                0x0000000000000000        0x4 c:/st/stm32cubeide_1.5.1/stm32cubeide/plugins/com.st.stm32cube.ide.mcu.externaltools.gnu-tools-for-stm32.10.3-2021.10.win32_1.0.100.202210260954/tools/bin/../lib/gcc/arm-none-eabi/10.3.1/../../../../arm-none-eabi/lib/thumb/v7e-m+fp/hard\libc_nano.a(lib_a-impure.o)
 .data.impure_data
                0x0000000000000000       0x60 c:/st/stm32cubeide_1.5.1/stm32cubeide/plugins/com.st.stm32cube.ide.mcu.externaltools.gnu-tools-for-stm32.10.3-2021.10.win32_1.0.100.202210260954/tools/bin/../lib/gcc/arm-none-eabi/10.3.1/../../../../arm-none-eabi/lib/thumb/v7e-m+fp/hard\libc_nano.a(lib_a-impure.o)
 .rodata._global_impure_ptr
                0x0000000000000000        0x4 c:/st/stm32cubeide_1.5.1/stm32cubeide/plugins/com.st.stm32cube.ide.mcu.externaltools.gnu-tools-for-stm32.10.3-2021.10.win32_1.0.100.202210260954/tools/bin/../lib/gcc/arm-none-eabi/10.3.1/../../../../arm-none-eabi/lib/thumb/v7e-m+fp/hard\libc_nano.a(lib_a-impure.o)
 .ARM.attributes
                0x0000000000000000       0x34 c:/st/stm32cubeide_1.5.1/stm32cubeide/plugins/com.st.stm32cube.ide.mcu.externaltools.gnu-tools-for-stm32.10.3-2021.10.win32_1.0.100.202210260954/tools/bin/../lib/gcc/arm-none-eabi/10.3.1/../../../../arm-none-eabi/lib/thumb/v7e-m+fp/hard\libc_nano.a(lib_a-impure.o)
 .text          0x0000000000000000        0x0 c:/st/stm32cubeide_1.5.1/stm32cubeide/plugins/com.st.stm32cube.ide.mcu.externaltools.gnu-tools-for-stm32.10.3-2021.10.win32_1.0.100.202210260954/tools/bin/../lib/gcc/arm-none-eabi/10.3.1/../../../../arm-none-eabi/lib/thumb/v7e-m+fp/hard\libc_nano.a(lib_a-init.o)
 .data          0x0000000000000000        0x0 c:/st/stm32cubeide_1.5.1/stm32cubeide/plugins/com.st.stm32cube.ide.mcu.externaltools.gnu-tools-for-stm32.10.3-2021.10.win32_1.0.100.202210260954/tools/bin/../lib/gcc/arm-none-eabi/10.3.1/../../../../arm-none-eabi/lib/thumb/v7e-m+fp/hard\libc_nano.a(lib_a-init.o)
 .bss           0x0000000000000000        0x0 c:/st/stm32cubeide_1.5.1/stm32cubeide/plugins/com.st.stm32cube.ide.mcu.externaltools.gnu-tools-for-stm32.10.3-2021.10.win32_1.0.100.202210260954/tools/bin/../lib/gcc/arm-none-eabi/10.3.1/../../../../arm-none-eabi/lib/thumb/v7e-m+fp/hard\libc_nano.a(lib_a-init.o)
 .text          0x0000000000000000        0x0 c:/st/stm32cubeide_1.5.1/stm32cubeide/plugins/com.st.stm32cube.ide.mcu.externaltools.gnu-tools-for-stm32.10.3-2021.10.win32_1.0.100.202210260954/tools/bin/../lib/gcc/arm-none-eabi/10.3.1/../../../../arm-none-eabi/lib/thumb/v7e-m+fp/hard\libc_nano.a(lib_a-memset.o)
 .data          0x0000000000000000        0x0 c:/st/stm32cubeide_1.5.1/stm32cubeide/plugins/com.st.stm32cube.ide.mcu.externaltools.gnu-tools-for-stm32.10.3-2021.10.win32_1.0.100.202210260954/tools/bin/../lib/gcc/arm-none-eabi/10.3.1/../../../../arm-none-eabi/lib/thumb/v7e-m+fp/hard\libc_nano.a(lib_a-memset.o)
 .bss           0x0000000000000000        0x0 c:/st/stm32cubeide_1.5.1/stm32cubeide/plugins/com.st.stm32cube.ide.mcu.externaltools.gnu-tools-for-stm32.10.3-2021.10.win32_1.0.100.202210260954/tools/bin/../lib/gcc/arm-none-eabi/10.3.1/../../../../arm-none-eabi/lib/thumb/v7e-m+fp/hard\libc_nano.a(lib_a-memset.o)
 .text.memset   0x0000000000000000       0x10 c:/st/stm32cubeide_1.5.1/stm32cubeide/plugins/com.st.stm32cube.ide.mcu.externaltools.gnu-tools-for-stm32.10.3-2021.10.win32_1.0.100.202210260954/tools/bin/../lib/gcc/arm-none-eabi/10.3.1/../../../../arm-none-eabi/lib/thumb/v7e-m+fp/hard\libc_nano.a(lib_a-memset.o)
 .debug_frame   0x0000000000000000       0x20 c:/st/stm32cubeide_1.5.1/stm32cubeide/plugins/com.st.stm32cube.ide.mcu.externaltools.gnu-tools-for-stm32.10.3-2021.10.win32_1.0.100.202210260954/tools/bin/../lib/gcc/arm-none-eabi/10.3.1/../../../../arm-none-eabi/lib/thumb/v7e-m+fp/hard\libc_nano.a(lib_a-memset.o)
 .ARM.attributes
                0x0000000000000000       0x34 c:/st/stm32cubeide_1.5.1/stm32cubeide/plugins/com.st.stm32cube.ide.mcu.externaltools.gnu-tools-for-stm32.10.3-2021.10.win32_1.0.100.202210260954/tools/bin/../lib/gcc/arm-none-eabi/10.3.1/../../../../arm-none-eabi/lib/thumb/v7e-m+fp/hard\libc_nano.a(lib_a-memset.o)
 .text          0x0000000000000000        0x0 c:/st/stm32cubeide_1.5.1/stm32cubeide/plugins/com.st.stm32cube.ide.mcu.externaltools.gnu-tools-for-stm32.10.3-2021.10.win32_1.0.100.202210260954/tools/bin/../lib/gcc/arm-none-eabi/10.3.1/thumb/v7e-m+fp/hard/crtend.o
 .data          0x0000000000000000        0x0 c:/st/stm32cubeide_1.5.1/stm32cubeide/plugins/com.st.stm32cube.ide.mcu.externaltools.gnu-tools-for-stm32.10.3-2021.10.win32_1.0.100.202210260954/tools/bin/../lib/gcc/arm-none-eabi/10.3.1/thumb/v7e-m+fp/hard/crtend.o
 .bss           0x0000000000000000        0x0 c:/st/stm32cubeide_1.5.1/stm32cubeide/plugins/com.st.stm32cube.ide.mcu.externaltools.gnu-tools-for-stm32.10.3-2021.10.win32_1.0.100.202210260954/tools/bin/../lib/gcc/arm-none-eabi/10.3.1/thumb/v7e-m+fp/hard/crtend.o
 .rodata        0x0000000000000000       0x24 c:/st/stm32cubeide_1.5.1/stm32cubeide/plugins/com.st.stm32cube.ide.mcu.externaltools.gnu-tools-for-stm32.10.3-2021.10.win32_1.0.100.202210260954/tools/bin/../lib/gcc/arm-none-eabi/10.3.1/thumb/v7e-m+fp/hard/crtend.o
 .eh_frame      0x0000000000000000        0x4 c:/st/stm32cubeide_1.5.1/stm32cubeide/plugins/com.st.stm32cube.ide.mcu.externaltools.gnu-tools-for-stm32.10.3-2021.10.win32_1.0.100.202210260954/tools/bin/../lib/gcc/arm-none-eabi/10.3.1/thumb/v7e-m+fp/hard/crtend.o
 .ARM.attributes
                0x0000000000000000       0x34 c:/st/stm32cubeide_1.5.1/stm32cubeide/plugins/com.st.stm32cube.ide.mcu.externaltools.gnu-tools-for-stm32.10.3-2021.10.win32_1.0.100.202210260954/tools/bin/../lib/gcc/arm-none-eabi/10.3.1/thumb/v7e-m+fp/hard/crtend.o
 .text          0x0000000000000000        0x0 c:/st/stm32cubeide_1.5.1/stm32cubeide/plugins/com.st.stm32cube.ide.mcu.externaltools.gnu-tools-for-stm32.10.3-2021.10.win32_1.0.100.202210260954/tools/bin/../lib/gcc/arm-none-eabi/10.3.1/thumb/v7e-m+fp/hard/crtn.o
 .data          0x0000000000000000        0x0 c:/st/stm32cubeide_1.5.1/stm32cubeide/plugins/com.st.stm32cube.ide.mcu.externaltools.gnu-tools-for-stm32.10.3-2021.10.win32_1.0.100.202210260954/tools/bin/../lib/gcc/arm-none-eabi/10.3.1/thumb/v7e-m+fp/hard/crtn.o
 .bss           0x0000000000000000        0x0 c:/st/stm32cubeide_1.5.1/stm32cubeide/plugins/com.st.stm32cube.ide.mcu.externaltools.gnu-tools-for-stm32.10.3-2021.10.win32_1.0.100.202210260954/tools/bin/../lib/gcc/arm-none-eabi/10.3.1/thumb/v7e-m+fp/hard/crtn.o

Memory Configuration

Name             Origin             Length             Attributes
CCMRAM           0x0000000010000000 0x0000000000010000 xrw
RAM              0x0000000020000000 0x0000000000020000 xrw
FLASH            0x0000000008000000 0x0000000000100000 xr
*default*        0x0000000000000000 0xffffffffffffffff

Linker script and memory map

LOAD c:/st/stm32cubeide_1.5.1/stm32cubeide/plugins/com.st.stm32cube.ide.mcu.externaltools.gnu-tools-for-stm32.10.3-2021.10.win32_1.0.100.202210260954/tools/bin/../lib/gcc/arm-none-eabi/10.3.1/thumb/v7e-m+fp/hard/crti.o
LOAD c:/st/stm32cubeide_1.5.1/stm32cubeide/plugins/com.st.stm32cube.ide.mcu.externaltools.gnu-tools-for-stm32.10.3-2021.10.win32_1.0.100.202210260954/tools/bin/../lib/gcc/arm-none-eabi/10.3.1/thumb/v7e-m+fp/hard/crtbegin.o
LOAD c:/st/stm32cubeide_1.5.1/stm32cubeide/plugins/com.st.stm32cube.ide.mcu.externaltools.gnu-tools-for-stm32.10.3-2021.10.win32_1.0.100.202210260954/tools/bin/../lib/gcc/arm-none-eabi/10.3.1/../../../../arm-none-eabi/lib/thumb/v7e-m+fp/hard/crt0.o
LOAD ./Device_Drivers/Src/stm32f407xx_gpio_drivers.o
LOAD ./LCD_Drivers/Src/lcd_drivers.o
LOAD ./Src/01_LCD_basic.o
LOAD ./Src/syscalls.o
LOAD ./Src/sysmem.o
LOAD ./Startup/startup_stm32f407vgtx.o
START GROUP
LOAD c:/st/stm32cubeide_1.5.1/stm32cubeide/plugins/com.st.stm32cube.ide.mcu.externaltools.gnu-tools-for-stm32.10.3-2021.10.win32_1.0.100.202210260954/tools/bin/../lib/gcc/arm-none-eabi/10.3.1/../../../../arm-none-eabi/lib/thumb/v7e-m+fp/hard\libc_nano.a
LOAD c:/st/stm32cubeide_1.5.1/stm32cubeide/plugins/com.st.stm32cube.ide.mcu.externaltools.gnu-tools-for-stm32.10.3-2021.10.win32_1.0.100.202210260954/tools/bin/../lib/gcc/arm-none-eabi/10.3.1/../../../../arm-none-eabi/lib/thumb/v7e-m+fp/hard\libm.a
END GROUP
START GROUP
LOAD c:/st/stm32cubeide_1.5.1/stm32cubeide/plugins/com.st.stm32cube.ide.mcu.externaltools.gnu-tools-for-stm32.10.3-2021.10.win32_1.0.100.202210260954/tools/bin/../lib/gcc/arm-none-eabi/10.3.1/thumb/v7e-m+fp/hard\libgcc.a
LOAD c:/st/stm32cubeide_1.5.1/stm32cubeide/plugins/com.st.stm32cube.ide.mcu.externaltools.gnu-tools-for-stm32.10.3-2021.10.win32_1.0.100.202210260954/tools/bin/../lib/gcc/arm-none-eabi/10.3.1/../../../../arm-none-eabi/lib/thumb/v7e-m+fp/hard\libc_nano.a
END GROUP
START GROUP
LOAD c:/st/stm32cubeide_1.5.1/stm32cubeide/plugins/com.st.stm32cube.ide.mcu.externaltools.gnu-tools-for-stm32.10.3-2021.10.win32_1.0.100.202210260954/tools/bin/../lib/gcc/arm-none-eabi/10.3.1/thumb/v7e-m+fp/hard\libgcc.a
LOAD c:/st/stm32cubeide_1.5.1/stm32cubeide/plugins/com.st.stm32cube.ide.mcu.externaltools.gnu-tools-for-stm32.10.3-2021.10.win32_1.0.100.202210260954/tools/bin/../lib/gcc/arm-none-eabi/10.3.1/../../../../arm-none-eabi/lib/thumb/v7e-m+fp/hard\libc_nano.a
LOAD c:/st/stm32cubeide_1.5.1/stm32cubeide/plugins/com.st.stm32cube.ide.mcu.externaltools.gnu-tools-for-stm32.10.3-2021.10.win32_1.0.100.202210260954/tools/bin/../lib/gcc/arm-none-eabi/10.3.1/../../../../arm-none-eabi/lib/thumb/v7e-m+fp/hard\libnosys.a
END GROUP
START GROUP
LOAD c:/st/stm32cubeide_1.5.1/stm32cubeide/plugins/com.st.stm32cube.ide.mcu.externaltools.gnu-tools-for-stm32.10.3-2021.10.win32_1.0.100.202210260954/tools/bin/../lib/gcc/arm-none-eabi/10.3.1/thumb/v7e-m+fp/hard\libgcc.a
LOAD c:/st/stm32cubeide_1.5.1/stm32cubeide/plugins/com.st.stm32cube.ide.mcu.externaltools.gnu-tools-for-stm32.10.3-2021.10.win32_1.0.100.202210260954/tools/bin/../lib/gcc/arm-none-eabi/10.3.1/../../../../arm-none-eabi/lib/thumb/v7e-m+fp/hard\libc_nano.a
LOAD c:/st/stm32cubeide_1.5.1/stm32cubeide/plugins/com.st.stm32cube.ide.mcu.externaltools.gnu-tools-for-stm32.10.3-2021.10.win32_1.0.100.202210260954/tools/bin/../lib/gcc/arm-none-eabi/10.3.1/../../../../arm-none-eabi/lib/thumb/v7e-m+fp/hard\libnosys.a
END GROUP
LOAD c:/st/stm32cubeide_1.5.1/stm32cubeide/plugins/com.st.stm32cube.ide.mcu.externaltools.gnu-tools-for-stm32.10.3-2021.10.win32_1.0.100.202210260954/tools/bin/../lib/gcc/arm-none-eabi/10.3.1/thumb/v7e-m+fp/hard/crtend.o
LOAD c:/st/stm32cubeide_1.5.1/stm32cubeide/plugins/com.st.stm32cube.ide.mcu.externaltools.gnu-tools-for-stm32.10.3-2021.10.win32_1.0.100.202210260954/tools/bin/../lib/gcc/arm-none-eabi/10.3.1/thumb/v7e-m+fp/hard/crtn.o
                0x0000000020020000                _estack = (ORIGIN (RAM) + LENGTH (RAM))
                0x0000000000000200                _Min_Heap_Size = 0x200
                0x0000000000000400                _Min_Stack_Size = 0x400

.isr_vector     0x0000000008000000      0x1a8
                0x0000000008000000                . = ALIGN (0x4)
 *(.isr_vector)
 .isr_vector    0x0000000008000000      0x1a8 ./Startup/startup_stm32f407vgtx.o
                0x0000000008000000                g_pfnVectors
                0x00000000080001a8                . = ALIGN (0x4)

.text           0x00000000080001a8      0x9e0
                0x00000000080001a8                . = ALIGN (0x4)
 *(.text)
 .text          0x00000000080001a8       0x40 c:/st/stm32cubeide_1.5.1/stm32cubeide/plugins/com.st.stm32cube.ide.mcu.externaltools.gnu-tools-for-stm32.10.3-2021.10.win32_1.0.100.202210260954/tools/bin/../lib/gcc/arm-none-eabi/10.3.1/thumb/v7e-m+fp/hard/crtbegin.o
 *(.text*)
 .text.GPIO_PeriClockControl
                0x00000000080001e8      0x1d8 ./Device_Drivers/Src/stm32f407xx_gpio_drivers.o
                0x00000000080001e8                GPIO_PeriClockControl
 .text.GPIO_Init
                0x00000000080003c0      0x340 ./Device_Drivers/Src/stm32f407xx_gpio_drivers.o
                0x00000000080003c0                GPIO_Init
 .text.GPIO_WriteToOutputPin
                0x0000000008000700       0x4a ./Device_Drivers/Src/stm32f407xx_gpio_drivers.o
                0x0000000008000700                GPIO_WriteToOutputPin
 *fill*         0x000000000800074a        0x2 
 .text.LCD_Init
                0x000000000800074c      0x150 ./LCD_Drivers/Src/lcd_drivers.o
                0x000000000800074c                LCD_Init
 .text.LCD_SendCommands
                0x000000000800089c       0x44 ./LCD_Drivers/Src/lcd_drivers.o
                0x000000000800089c                LCD_SendCommands
 .text.LCD_SendChar
                0x00000000080008e0       0x44 ./LCD_Drivers/Src/lcd_drivers.o
                0x00000000080008e0                LCD_SendChar
 .text.LCD_SendString
                0x0000000008000924       0x28 ./LCD_Drivers/Src/lcd_drivers.o
                0x0000000008000924                LCD_SendString
 .text.LCD_ClearDisplay
                0x000000000800094c       0x14 ./LCD_Drivers/Src/lcd_drivers.o
                0x000000000800094c                LCD_ClearDisplay
 .text.LCD_SetCursor
                0x0000000008000960       0x4e ./LCD_Drivers/Src/lcd_drivers.o
                0x0000000008000960                LCD_SetCursor
 *fill*         0x00000000080009ae        0x2 
 .text.Write_4bits
                0x00000000080009b0       0x70 ./LCD_Drivers/Src/lcd_drivers.o
 .text.LCD_Enable
                0x0000000008000a20       0x30 ./LCD_Drivers/Src/lcd_drivers.o
 .text.Delay_ms
                0x0000000008000a50       0x32 ./LCD_Drivers/Src/lcd_drivers.o
 .text.Delay_us
                0x0000000008000a82       0x2a ./LCD_Drivers/Src/lcd_drivers.o
 .text.main     0x0000000008000aac       0x28 ./Src/01_LCD_basic.o
                0x0000000008000aac                main
 .text.Reset_Handler
                0x0000000008000ad4       0x50 ./Startup/startup_stm32f407vgtx.o
                0x0000000008000ad4                Reset_Handler
 .text.Default_Handler
                0x0000000008000b24        0x2 ./Startup/startup_stm32f407vgtx.o
                0x0000000008000b24                RTC_Alarm_IRQHandler
                0x0000000008000b24                HASH_RNG_IRQHandler
                0x0000000008000b24                EXTI2_IRQHandler
                0x0000000008000b24                TIM8_CC_IRQHandler
                0x0000000008000b24                DebugMon_Handler
                0x0000000008000b24                TIM1_CC_IRQHandler
                0x0000000008000b24                DMA2_Stream5_IRQHandler
                0x0000000008000b24                HardFault_Handler
                0x0000000008000b24                DMA1_Stream5_IRQHandler
                0x0000000008000b24                SysTick_Handler
                0x0000000008000b24                PVD_IRQHandler
                0x0000000008000b24                SDIO_IRQHandler
                0x0000000008000b24                TAMP_STAMP_IRQHandler
                0x0000000008000b24                PendSV_Handler
                0x0000000008000b24                NMI_Handler
                0x0000000008000b24                CAN2_RX1_IRQHandler
                0x0000000008000b24                EXTI3_IRQHandler
                0x0000000008000b24                TIM8_TRG_COM_TIM14_IRQHandler
                0x0000000008000b24                TIM1_UP_TIM10_IRQHandler
                0x0000000008000b24                TIM8_UP_TIM13_IRQHandler
                0x0000000008000b24                I2C3_ER_IRQHandler
                0x0000000008000b24                LCD_TFT_IRQHandler
                0x0000000008000b24                EXTI0_IRQHandler
                0x0000000008000b24                I2C2_EV_IRQHandler
                0x0000000008000b24                DMA1_Stream2_IRQHandler
                0x0000000008000b24                CAN1_RX0_IRQHandler
                0x0000000008000b24                FPU_IRQHandler
                0x0000000008000b24                OTG_HS_WKUP_IRQHandler
                0x0000000008000b24                UsageFault_Handler
                0x0000000008000b24                CAN2_SCE_IRQHandler
                0x0000000008000b24                DMA2_Stream2_IRQHandler
                0x0000000008000b24                SPI1_IRQHandler
                0x0000000008000b24                TIM6_DAC_IRQHandler
                0x0000000008000b24                TIM1_BRK_TIM9_IRQHandler
                0x0000000008000b24                DCMI_IRQHandler
                0x0000000008000b24                CAN2_RX0_IRQHandler
                0x0000000008000b24                DMA2_Stream3_IRQHandler
                0x0000000008000b24                USART6_IRQHandler
                0x0000000008000b24                USART3_IRQHandler
                0x0000000008000b24                CRYP_IRQHandler
                0x0000000008000b24                CAN1_RX1_IRQHandler
                0x0000000008000b24                UART5_IRQHandler
                0x0000000008000b24                DMA2_Stream0_IRQHandler
                0x0000000008000b24                TIM4_IRQHandler
                0x0000000008000b24                I2C1_EV_IRQHandler
                0x0000000008000b24                DMA1_Stream6_IRQHandler
                0x0000000008000b24                DMA1_Stream1_IRQHandler
                0x0000000008000b24                UART4_IRQHandler
                0x0000000008000b24                LCD_TFT_1_IRQHandler
                0x0000000008000b24                TIM3_IRQHandler
                0x0000000008000b24                RCC_IRQHandler
                0x0000000008000b24                TIM8_BRK_TIM12_IRQHandler
                0x0000000008000b24                Default_Handler
                0x0000000008000b24                EXTI15_10_IRQHandler
                0x0000000008000b24                ADC_IRQHandler
                0x0000000008000b24                DMA1_Stream7_IRQHandler
                0x0000000008000b24                TIM7_IRQHandler
                0x0000000008000b24                CAN2_TX_IRQHandler
                0x0000000008000b24                TIM5_IRQHandler
                0x0000000008000b24                DMA2_Stream7_IRQHandler
                0x0000000008000b24                I2C3_EV_IRQHandler
                0x0000000008000b24                EXTI9_5_IRQHandler
                0x0000000008000b24                RTC_WKUP_IRQHandler
                0x0000000008000b24                ETH_WKUP_IRQHandler
                0x0000000008000b24                SPI2_IRQHandler
                0x0000000008000b24                OTG_HS_EP1_IN_IRQHandler
                0x0000000008000b24                MemManage_Handler
                0x0000000008000b24                DMA1_Stream0_IRQHandler
                0x0000000008000b24                CAN1_TX_IRQHandler
                0x0000000008000b24                SVC_Handler
                0x0000000008000b24                EXTI4_IRQHandler
                0x0000000008000b24                FSMC_IRQHandler
                0x0000000008000b24                ETH_IRQHandler
                0x0000000008000b24                OTG_HS_EP1_OUT_IRQHandler
                0x0000000008000b24                WWDG_IRQHandler
                0x0000000008000b24                TIM2_IRQHandler
                0x0000000008000b24                OTG_FS_WKUP_IRQHandler
                0x0000000008000b24                TIM1_TRG_COM_TIM11_IRQHandler
                0x0000000008000b24                OTG_HS_IRQHandler
                0x0000000008000b24                EXTI1_IRQHandler
                0x0000000008000b24                USART2_IRQHandler
                0x0000000008000b24                I2C2_ER_IRQHandler
                0x0000000008000b24                DMA2_Stream1_IRQHandler
                0x0000000008000b24                CAN1_SCE_IRQHandler
                0x0000000008000b24                DMA2_Stream4_IRQHandler
                0x0000000008000b24                BusFault_Handler
                0x0000000008000b24                USART1_IRQHandler
                0x0000000008000b24                OTG_FS_IRQHandler
                0x0000000008000b24                SPI3_IRQHandler
                0x0000000008000b24                DMA1_Stream4_IRQHandler
                0x0000000008000b24                I2C1_ER_IRQHandler
                0x0000000008000b24                DMA2_Stream6_IRQHandler
                0x0000000008000b24                DMA1_Stream3_IRQHandler
 *fill*         0x0000000008000b26        0x2 
 .text.__libc_init_array
                0x0000000008000b28       0x48 c:/st/stm32cubeide_1.5.1/stm32cubeide/plugins/com.st.stm32cube.ide.mcu.externaltools.gnu-tools-for-stm32.10.3-2021.10.win32_1.0.100.202210260954/tools/bin/../lib/gcc/arm-none-eabi/10.3.1/../../../../arm-none-eabi/lib/thumb/v7e-m+fp/hard\libc_nano.a(lib_a-init.o)
                0x0000000008000b28                __libc_init_array
 *(.glue_7)
 .glue_7        0x0000000008000b70        0x0 linker stubs
 *(.glue_7t)
 .glue_7t       0x0000000008000b70        0x0 linker stubs
 *(.eh_frame)
 .eh_frame      0x0000000008000b70        0x0 c:/st/stm32cubeide_1.5.1/stm32cubeide/plugins/com.st.stm32cube.ide.mcu.externaltools.gnu-tools-for-stm32.10.3-2021.10.win32_1.0.100.202210260954/tools/bin/../lib/gcc/arm-none-eabi/10.3.1/thumb/v7e-m+fp/hard/crtbegin.o
 *(.init)
 .init          0x0000000008000b70        0x4 c:/st/stm32cubeide_1.5.1/stm32cubeide/plugins/com.st.stm32cube.ide.mcu.externaltools.gnu-tools-for-stm32.10.3-2021.10.win32_1.0.100.202210260954/tools/bin/../lib/gcc/arm-none-eabi/10.3.1/thumb/v7e-m+fp/hard/crti.o
                0x0000000008000b70                _init
 .init          0x0000000008000b74        0x8 c:/st/stm32cubeide_1.5.1/stm32cubeide/plugins/com.st.stm32cube.ide.mcu.externaltools.gnu-tools-for-stm32.10.3-2021.10.win32_1.0.100.202210260954/tools/bin/../lib/gcc/arm-none-eabi/10.3.1/thumb/v7e-m+fp/hard/crtn.o
 *(.fini)
 .fini          0x0000000008000b7c        0x4 c:/st/stm32cubeide_1.5.1/stm32cubeide/plugins/com.st.stm32cube.ide.mcu.externaltools.gnu-tools-for-stm32.10.3-2021.10.win32_1.0.100.202210260954/tools/bin/../lib/gcc/arm-none-eabi/10.3.1/thumb/v7e-m+fp/hard/crti.o
                0x0000000008000b7c                _fini
 .fini          0x0000000008000b80        0x8 c:/st/stm32cubeide_1.5.1/stm32cubeide/plugins/com.st.stm32cube.ide.mcu.externaltools.gnu-tools-for-stm32.10.3-2021.10.win32_1.0.100.202210260954/tools/bin/../lib/gcc/arm-none-eabi/10.3.1/thumb/v7e-m+fp/hard/crtn.o
                0x0000000008000b88                . = ALIGN (0x4)
                0x0000000008000b88                _etext = .

.vfp11_veneer   0x0000000008000b88        0x0
 .vfp11_veneer  0x0000000008000b88        0x0 linker stubs

.v4_bx          0x0000000008000b88        0x0
 .v4_bx         0x0000000008000b88        0x0 linker stubs

.iplt           0x0000000008000b88        0x0
 .iplt          0x0000000008000b88        0x0 c:/st/stm32cubeide_1.5.1/stm32cubeide/plugins/com.st.stm32cube.ide.mcu.externaltools.gnu-tools-for-stm32.10.3-2021.10.win32_1.0.100.202210260954/tools/bin/../lib/gcc/arm-none-eabi/10.3.1/thumb/v7e-m+fp/hard/crtbegin.o

.rodata         0x0000000008000b88       0x28
                0x0000000008000b88                . = ALIGN (0x4)
 *(.rodata)
 .rodata        0x0000000008000b88       0x25 ./Src/01_LCD_basic.o
 *(.rodata*)
                0x0000000008000bb0                . = ALIGN (0x4)
 *fill*         0x0000000008000bad        0x3 

.rel.dyn        0x0000000008000bb0        0x0
 .rel.iplt      0x0000000008000bb0        0x0 c:/st/stm32cubeide_1.5.1/stm32cubeide/plugins/com.st.stm32cube.ide.mcu.externaltools.gnu-tools-for-stm32.10.3-2021.10.win32_1.0.100.202210260954/tools/bin/../lib/gcc/arm-none-eabi/10.3.1/thumb/v7e-m+fp/hard/crtbegin.o

.ARM.extab      0x0000000008000bb0        0x0
                0x0000000008000bb0                . = ALIGN (0x4)
 *(.ARM.extab* .gnu.linkonce.armextab.*)
                0x0000000008000bb0                . = ALIGN (0x4)

.ARM            0x0000000008000bb0        0x0
                0x0000000008000bb0                . = ALIGN (0x4)
                0x0000000008000bb0                __exidx_start = .
 *(.ARM.exidx*)
                0x0000000008000bb0                __exidx_end = .
                0x0000000008000bb0                . = ALIGN (0x4)

.preinit_array  0x0000000008000bb0        0x0
                0x0000000008000bb0                . = ALIGN (0x4)
                0x0000000008000bb0                PROVIDE (__preinit_array_start = .)
 *(.preinit_array*)
                0x0000000008000bb0                PROVIDE (__preinit_array_end = .)
                0x0000000008000bb0                . = ALIGN (0x4)

.init_array     0x0000000008000bb0        0x4
                0x0000000008000bb0                . = ALIGN (0x4)
                0x0000000008000bb0                PROVIDE (__init_array_start = .)
 *(SORT_BY_NAME(.init_array.*))
 *(.init_array*)
 .init_array    0x0000000008000bb0        0x4 c:/st/stm32cubeide_1.5.1/stm32cubeide/plugins/com.st.stm32cube.ide.mcu.externaltools.gnu-tools-for-stm32.10.3-2021.10.win32_1.0.100.202210260954/tools/bin/../lib/gcc/arm-none-eabi/10.3.1/thumb/v7e-m+fp/hard/crtbegin.o
                0x0000000008000bb4                PROVIDE (__init_array_end = .)
                0x0000000008000bb4                . = ALIGN (0x4)

.fini_array     0x0000000008000bb4        0x4
                0x0000000008000bb4                . = ALIGN (0x4)
                [!provide]                        PROVIDE (__fini_array_start = .)
 *(SORT_BY_NAME(.fini_array.*))
 *(.fini_array*)
 .fini_array    0x0000000008000bb4        0x4 c:/st/stm32cubeide_1.5.1/stm32cubeide/plugins/com.st.stm32cube.ide.mcu.externaltools.gnu-tools-for-stm32.10.3-2021.10.win32_1.0.100.202210260954/tools/bin/../lib/gcc/arm-none-eabi/10.3.1/thumb/v7e-m+fp/hard/crtbegin.o
                [!provide]                        PROVIDE (__fini_array_end = .)
                0x0000000008000bb8                . = ALIGN (0x4)
                0x0000000008000bb8                _sidata = LOADADDR (.data)

.data           0x0000000020000000        0x0 load address 0x0000000008000bb8
                0x0000000020000000                . = ALIGN (0x4)
                0x0000000020000000                _sdata = .
 *(.data)
 *(.data*)
 *(.RamFunc)
 *(.RamFunc*)
                0x0000000020000000                . = ALIGN (0x4)
                0x0000000020000000                _edata = .
                0x0000000008000bb8                _siccmram = LOADADDR (.ccmram)

.igot.plt       0x0000000020000000        0x0 load address 0x0000000008000bb8
 .igot.plt      0x0000000020000000        0x0 c:/st/stm32cubeide_1.5.1/stm32cubeide/plugins/com.st.stm32cube.ide.mcu.externaltools.gnu-tools-for-stm32.10.3-2021.10.win32_1.0.100.202210260954/tools/bin/../lib/gcc/arm-none-eabi/10.3.1/thumb/v7e-m+fp/hard/crtbegin.o

.ccmram         0x0000000010000000        0x0 load address 0x0000000008000bb8
                0x0000000010000000                . = ALIGN (0x4)
                0x0000000010000000                _sccmram = .
 *(.ccmram)
 *(.ccmram*)
                0x0000000010000000                . = ALIGN (0x4)
                0x0000000010000000                _eccmram = .
                0x0000000010000000                . = ALIGN (0x4)

.bss            0x0000000020000000       0x1c
                0x0000000020000000                _sbss = .
                0x0000000020000000                __bss_start__ = _sbss
 *(.bss)
 .bss           0x0000000020000000       0x1c c:/st/stm32cubeide_1.5.1/stm32cubeide/plugins/com.st.stm32cube.ide.mcu.externaltools.gnu-tools-for-stm32.10.3-2021.10.win32_1.0.100.202210260954/tools/bin/../lib/gcc/arm-none-eabi/10.3.1/thumb/v7e-m+fp/hard/crtbegin.o
 *(.bss*)
 *(COMMON)
                0x000000002000001c                . = ALIGN (0x4)
                0x000000002000001c                _ebss = .
                0x000000002000001c                __bss_end__ = _ebss

._user_heap_stack
                0x000000002000001c      0x604
                0x0000000020000020                . = ALIGN (0x8)
 *fill*         0x000000002000001c        0x4 
                [!provide]                        PROVIDE (end = .)
                0x0000000020000020                PROVIDE (_end = .)
                0x0000000020000220                . = (. + _Min_Heap_Size)
 *fill*         0x0000000020000020      0x200 
                0x0000000020000620                . = (. + _Min_Stack_Size)
 *fill*         0x0000000020000220      0x400 
                0x0000000020000620                . = ALIGN (0x8)

/DISCARD/
 libc.a(*)
 libm.a(*)
 libgcc.a(*)

.ARM.attributes
                0x0000000000000000       0x30
 *(.ARM.attributes)
 .ARM.attributes
                0x0000000000000000       0x1e c:/st/stm32cubeide_1.5.1/stm32cubeide/plugins/com.st.stm32cube.ide.mcu.externaltools.gnu-tools-for-stm32.10.3-2021.10.win32_1.0.100.202210260954/tools/bin/../lib/gcc/arm-none-eabi/10.3.1/thumb/v7e-m+fp/hard/crti.o
 .ARM.attributes
                0x000000000000001e       0x34 c:/st/stm32cubeide_1.5.1/stm32cubeide/plugins/com.st.stm32cube.ide.mcu.externaltools.gnu-tools-for-stm32.10.3-2021.10.win32_1.0.100.202210260954/tools/bin/../lib/gcc/arm-none-eabi/10.3.1/thumb/v7e-m+fp/hard/crtbegin.o
 .ARM.attributes
                0x0000000000000052       0x34 ./Device_Drivers/Src/stm32f407xx_gpio_drivers.o
 .ARM.attributes
                0x0000000000000086       0x34 ./LCD_Drivers/Src/lcd_drivers.o
 .ARM.attributes
                0x00000000000000ba       0x34 ./Src/01_LCD_basic.o
 .ARM.attributes
                0x00000000000000ee       0x21 ./Startup/startup_stm32f407vgtx.o
 .ARM.attributes
                0x000000000000010f       0x34 c:/st/stm32cubeide_1.5.1/stm32cubeide/plugins/com.st.stm32cube.ide.mcu.externaltools.gnu-tools-for-stm32.10.3-2021.10.win32_1.0.100.202210260954/tools/bin/../lib/gcc/arm-none-eabi/10.3.1/../../../../arm-none-eabi/lib/thumb/v7e-m+fp/hard\libc_nano.a(lib_a-init.o)
 .ARM.attributes
                0x0000000000000143       0x1e c:/st/stm32cubeide_1.5.1/stm32cubeide/plugins/com.st.stm32cube.ide.mcu.externaltools.gnu-tools-for-stm32.10.3-2021.10.win32_1.0.100.202210260954/tools/bin/../lib/gcc/arm-none-eabi/10.3.1/thumb/v7e-m+fp/hard/crtn.o
OUTPUT(LCD_Drivers.elf elf32-littlearm)
LOAD linker stubs
LOAD c:/st/stm32cubeide_1.5.1/stm32cubeide/plugins/com.st.stm32cube.ide.mcu.externaltools.gnu-tools-for-stm32.10.3-2021.10.win32_1.0.100.202210260954/tools/bin/../lib/gcc/arm-none-eabi/10.3.1/../../../../arm-none-eabi/lib/thumb/v7e-m+fp/hard\libc.a
LOAD c:/st/stm32cubeide_1.5.1/stm32cubeide/plugins/com.st.stm32cube.ide.mcu.externaltools.gnu-tools-for-stm32.10.3-2021.10.win32_1.0.100.202210260954/tools/bin/../lib/gcc/arm-none-eabi/10.3.1/../../../../arm-none-eabi/lib/thumb/v7e-m+fp/hard\libm.a
LOAD c:/st/stm32cubeide_1.5.1/stm32cubeide/plugins/com.st.stm32cube.ide.mcu.externaltools.gnu-tools-for-stm32.10.3-2021.10.win32_1.0.100.202210260954/tools/bin/../lib/gcc/arm-none-eabi/10.3.1/thumb/v7e-m+fp/hard\libgcc.a

.debug_info     0x0000000000000000      0xc72
 .debug_info    0x0000000000000000      0x79b ./Device_Drivers/Src/stm32f407xx_gpio_drivers.o
 .debug_info    0x000000000000079b      0x3d2 ./LCD_Drivers/Src/lcd_drivers.o
 .debug_info    0x0000000000000b6d       0xe3 ./Src/01_LCD_basic.o
 .debug_info    0x0000000000000c50       0x22 ./Startup/startup_stm32f407vgtx.o

.debug_abbrev   0x0000000000000000      0x3ba
 .debug_abbrev  0x0000000000000000      0x157 ./Device_Drivers/Src/stm32f407xx_gpio_drivers.o
 .debug_abbrev  0x0000000000000157      0x1c1 ./LCD_Drivers/Src/lcd_drivers.o
 .debug_abbrev  0x0000000000000318       0x90 ./Src/01_LCD_basic.o
 .debug_abbrev  0x00000000000003a8       0x12 ./Startup/startup_stm32f407vgtx.o

.debug_aranges  0x0000000000000000      0x128
 .debug_aranges
                0x0000000000000000       0x70 ./Device_Drivers/Src/stm32f407xx_gpio_drivers.o
 .debug_aranges
                0x0000000000000070       0x70 ./LCD_Drivers/Src/lcd_drivers.o
 .debug_aranges
                0x00000000000000e0       0x20 ./Src/01_LCD_basic.o
 .debug_aranges
                0x0000000000000100       0x28 ./Startup/startup_stm32f407vgtx.o

.debug_ranges   0x0000000000000000       0xf0
 .debug_ranges  0x0000000000000000       0x60 ./Device_Drivers/Src/stm32f407xx_gpio_drivers.o
 .debug_ranges  0x0000000000000060       0x60 ./LCD_Drivers/Src/lcd_drivers.o
 .debug_ranges  0x00000000000000c0       0x10 ./Src/01_LCD_basic.o
 .debug_ranges  0x00000000000000d0       0x20 ./Startup/startup_stm32f407vgtx.o

.debug_macro    0x0000000000000000     0x27b3
 .debug_macro   0x0000000000000000       0x8a ./Device_Drivers/Src/stm32f407xx_gpio_drivers.o
 .debug_macro   0x000000000000008a      0xa84 ./Device_Drivers/Src/stm32f407xx_gpio_drivers.o
 .debug_macro   0x0000000000000b0e       0x22 ./Device_Drivers/Src/stm32f407xx_gpio_drivers.o
 .debug_macro   0x0000000000000b30       0x8e ./Device_Drivers/Src/stm32f407xx_gpio_drivers.o
 .debug_macro   0x0000000000000bbe       0x51 ./Device_Drivers/Src/stm32f407xx_gpio_drivers.o
 .debug_macro   0x0000000000000c0f      0x103 ./Device_Drivers/Src/stm32f407xx_gpio_drivers.o
 .debug_macro   0x0000000000000d12       0x6a ./Device_Drivers/Src/stm32f407xx_gpio_drivers.o
 .debug_macro   0x0000000000000d7c      0x1df ./Device_Drivers/Src/stm32f407xx_gpio_drivers.o
 .debug_macro   0x0000000000000f5b      0x174 ./Device_Drivers/Src/stm32f407xx_gpio_drivers.o
 .debug_macro   0x00000000000010cf      0x7cc ./Device_Drivers/Src/stm32f407xx_gpio_drivers.o
 .debug_macro   0x000000000000189b       0xc4 ./Device_Drivers/Src/stm32f407xx_gpio_drivers.o
 .debug_macro   0x000000000000195f       0x93 ./LCD_Drivers/Src/lcd_drivers.o
 .debug_macro   0x00000000000019f2       0xca ./LCD_Drivers/Src/lcd_drivers.o
 .debug_macro   0x0000000000001abc       0x52 ./LCD_Drivers/Src/lcd_drivers.o
 .debug_macro   0x0000000000001b0e      0x1f2 ./Src/01_LCD_basic.o
 .debug_macro   0x0000000000001d00       0x52 ./Src/01_LCD_basic.o
 .debug_macro   0x0000000000001d52       0x1e ./Src/01_LCD_basic.o
 .debug_macro   0x0000000000001d70       0x3c ./Src/01_LCD_basic.o
 .debug_macro   0x0000000000001dac       0x34 ./Src/01_LCD_basic.o
 .debug_macro   0x0000000000001de0       0x16 ./Src/01_LCD_basic.o
 .debug_macro   0x0000000000001df6       0x35 ./Src/01_LCD_basic.o
 .debug_macro   0x0000000000001e2b      0x341 ./Src/01_LCD_basic.o
 .debug_macro   0x000000000000216c       0x10 ./Src/01_LCD_basic.o
 .debug_macro   0x000000000000217c       0x16 ./Src/01_LCD_basic.o
 .debug_macro   0x0000000000002192       0x43 ./Src/01_LCD_basic.o
 .debug_macro   0x00000000000021d5       0x34 ./Src/01_LCD_basic.o
 .debug_macro   0x0000000000002209       0x10 ./Src/01_LCD_basic.o
 .debug_macro   0x0000000000002219       0x58 ./Src/01_LCD_basic.o
 .debug_macro   0x0000000000002271       0x71 ./Src/01_LCD_basic.o
 .debug_macro   0x00000000000022e2       0x1c ./Src/01_LCD_basic.o
 .debug_macro   0x00000000000022fe      0x12a ./Src/01_LCD_basic.o
 .debug_macro   0x0000000000002428       0x10 ./Src/01_LCD_basic.o
 .debug_macro   0x0000000000002438       0x1c ./Src/01_LCD_basic.o
 .debug_macro   0x0000000000002454       0x52 ./Src/01_LCD_basic.o
 .debug_macro   0x00000000000024a6       0x22 ./Src/01_LCD_basic.o
 .debug_macro   0x00000000000024c8       0x10 ./Src/01_LCD_basic.o
 .debug_macro   0x00000000000024d8       0x52 ./Src/01_LCD_basic.o
 .debug_macro   0x000000000000252a       0xd5 ./Src/01_LCD_basic.o
 .debug_macro   0x00000000000025ff       0x1c ./Src/01_LCD_basic.o
 .debug_macro   0x000000000000261b       0x3d ./Src/01_LCD_basic.o
 .debug_macro   0x0000000000002658       0x16 ./Src/01_LCD_basic.o
 .debug_macro   0x000000000000266e      0x145 ./Src/01_LCD_basic.o

.debug_line     0x0000000000000000     0x1639
 .debug_line    0x0000000000000000      0x9c8 ./Device_Drivers/Src/stm32f407xx_gpio_drivers.o
 .debug_line    0x00000000000009c8      0x5e3 ./LCD_Drivers/Src/lcd_drivers.o
 .debug_line    0x0000000000000fab      0x60a ./Src/01_LCD_basic.o
 .debug_line    0x00000000000015b5       0x84 ./Startup/startup_stm32f407vgtx.o

.debug_str      0x0000000000000000     0xa9c5
 .debug_str     0x0000000000000000     0x69ae ./Device_Drivers/Src/stm32f407xx_gpio_drivers.o
                                       0x6bb8 (size before relaxing)
 .debug_str     0x00000000000069ae      0x253 ./LCD_Drivers/Src/lcd_drivers.o
                                       0x6b10 (size before relaxing)
 .debug_str     0x0000000000006c01     0x3d93 ./Src/01_LCD_basic.o
                                       0xa6fc (size before relaxing)
 .debug_str     0x000000000000a994       0x31 ./Startup/startup_stm32f407vgtx.o
                                         0x79 (size before relaxing)

.comment        0x0000000000000000       0x50
 .comment       0x0000000000000000       0x50 ./Device_Drivers/Src/stm32f407xx_gpio_drivers.o
                                         0x51 (size before relaxing)
 .comment       0x0000000000000050       0x51 ./LCD_Drivers/Src/lcd_drivers.o
 .comment       0x0000000000000050       0x51 ./Src/01_LCD_basic.o

.debug_frame    0x0000000000000000      0x3ac
 .debug_frame   0x0000000000000000      0x1c8 ./Device_Drivers/Src/stm32f407xx_gpio_drivers.o
 .debug_frame   0x00000000000001c8      0x18c ./LCD_Drivers/Src/lcd_drivers.o
 .debug_frame   0x0000000000000354       0x2c ./Src/01_LCD_basic.o
 .debug_frame   0x0000000000000380       0x2c c:/st/stm32cubeide_1.5.1/stm32cubeide/plugins/com.st.stm32cube.ide.mcu.externaltools.gnu-tools-for-stm32.10.3-2021.10.win32_1.0.100.202210260954/tools/bin/../lib/gcc/arm-none-eabi/10.3.1/../../../../arm-none-eabi/lib/thumb/v7e-m+fp/hard\libc_nano.a(lib_a-init.o)
