02:39:31 **** Incremental Build of configuration Debug for project LCD_Drivers ****
make -j12 all 
arm-none-eabi-gcc "../Src/01_LCD_basic.c" -mcpu=cortex-m4 -std=gnu11 -g3 -DDEBUG -DSTM32 -DSTM32F407G_DISC1 -DSTM32F4 -DSTM32F407VGTx -c -I../Inc -I"D:/Resources/Embedded_Systems/LCD_Drivers/LCD_Drivers/LCD_Drivers/Device_Drivers/Inc" -I"D:/Resources/Embedded_Systems/LCD_Drivers/LCD_Drivers/LCD_Drivers/LCD_Drivers/Inc" -O0 -ffunction-sections -fdata-sections -Wall -fstack-usage -MMD -MP -MF"Src/01_LCD_basic.d" -MT"Src/01_LCD_basic.o" --specs=nano.specs -mfpu=fpv4-sp-d16 -mfloat-abi=hard -mthumb -o "Src/01_LCD_basic.o"
arm-none-eabi-gcc -o "LCD_Drivers.elf" @"objects.list"   -mcpu=cortex-m4 -T"D:\Resources\Embedded_Systems\LCD_Drivers\LCD_Drivers\LCD_Drivers\STM32F407VGTX_FLASH.ld" --specs=nosys.specs -Wl,-Map="LCD_Drivers.map" -Wl,--gc-sections -static --specs=nano.specs -mfpu=fpv4-sp-d16 -mfloat-abi=hard -mthumb -Wl,--start-group -lc -lm -Wl,--end-group
Finished building target: LCD_Drivers.elf
 
arm-none-eabi-size   LCD_Drivers.elf 
arm-none-eabi-objdump -h -S  LCD_Drivers.elf  > "LCD_Drivers.list"
   text	   data	    bss	    dec	    hex	filename
   2992	      8	   1568	   4568	   11d8	LCD_Drivers.elf
Finished building: default.size.stdout
 
Finished building: LCD_Drivers.list
 
02:39:35 **** Incremental Build of configuration Debug for project LCD_Drivers ****
make -j12 all 
arm-none-eabi-size   LCD_Drivers.elf 
   text	   data	    bss	    dec	    hex	filename
   2992	      8	   1568	   4568	   11d8	LCD_Drivers.elf
Finished building: default.size.stdout
 
